0.6715027815810661 5 
0.9916672735446840 11 
0.9875215631061130 17 
0.9859719227359411 20 
0.9873738443002035 22 
0.8943318879967835 19 
0.8022376103591111 13 
0.5578645269211857 19 
