0.2596663302734609 5 21 
0.9066706192570470 11 
0.2768714567802106 14 
0.7919770398296265 20 
0.8103832576652413 22 
0.7990860790427159 19 
0.6848188335564406 13 
0.5524206109676021 19 
