0.6395360171556682 0 
0.9948219099644799 6 
0.9998288465473362 9 
0.9876500014178371 13 
0.3359284930364545 9 
0.4070679039172291 21 
